
> ensitec-site@0.1.0 build
> next build

node.exe : 
No linha:1 caractere:1
+ & "C:\Program 
Files\nodejs/node.exe" "C:
\Users\migue\AppData\Roami
ng\ ...
+ ~~~~~~~~~~~~~~~~~~~~~~~~
~~~~~~~~~~~~~~~~~~~~~~~~~~
~~~~~~~~~~~~~~~~~~~
    + CategoryInfo        
      : NotSpecified: (:  
  String) [], RemoteExc   
 eption
    + FullyQualifiedError 
   Id : NativeCommandErr  
  or
 
> Build error occurred
Error: EPERM: operation 
not permitted, unlink 'C:\
Users\migue\OneDrive\├ürea
 de Trabalho\Ensitec BI\.n
ext\server\app\api\dashboa
rd-restaurante'
    at ignore-listed 
frames {
  errno: -4048,
  code: 'EPERM',
  syscall: 'unlink',
  path: 'C:\\Users\\migue\
\OneDrive\\├ürea de 
Trabalho\\Ensitec BI\\.nex
t\\server\\app\\api\\dashb
oard-restaurante'
}
